error[E0277]: `Foo` cannot be shared between threads safely
  --> $DIR/issue-64130-1-sync.rs:21:5
   |
LL | fn is_sync<T: Sync>(t: T) { }
   |    -------    ---- required by this bound in `is_sync`
...
LL |     is_sync(bar());
   |     ^^^^^^^ `Foo` cannot be shared between threads safely
   |
   = help: within `impl std::future::Future`, the trait `std::marker::Sync` is not implemented for `Foo`
   = note: required because it appears within the type `{Foo, impl std::future::Future, impl std::future::Future, ()}`
   = note: required because it appears within the type `[static generator@$DIR/issue-64130-1-sync.rs:13:16: 16:2 {Foo, impl std::future::Future, impl std::future::Future, ()}]`
   = note: required because it appears within the type `std::future::GenFuture<[static generator@$DIR/issue-64130-1-sync.rs:13:16: 16:2 {Foo, impl std::future::Future, impl std::future::Future, ()}]>`
   = note: required because it appears within the type `impl std::future::Future`
   = note: required because it appears within the type `impl std::future::Future`

error: aborting due to previous error

For more information about this error, try `rustc --explain E0277`.
