error: symbol-name(_ZN11issue_609253foo37Foo$LT$issue_60925..llv$u6d$..Foo$GT$3foo17hbe3b985645cec132E)
  --> $DIR/issue-60925.rs:22:9
   |
LL |         #[rustc_symbol_name]
   |         ^^^^^^^^^^^^^^^^^^^^

error: demangling(issue_60925::foo::Foo<issue_60925::llvm::Foo>::foo::hbe3b985645cec132)
  --> $DIR/issue-60925.rs:22:9
   |
LL |         #[rustc_symbol_name]
   |         ^^^^^^^^^^^^^^^^^^^^

error: demangling-alt(issue_60925::foo::Foo<issue_60925::llvm::Foo>::foo)
  --> $DIR/issue-60925.rs:22:9
   |
LL |         #[rustc_symbol_name]
   |         ^^^^^^^^^^^^^^^^^^^^

error: aborting due to 3 previous errors

