PRINT-ATTR INPUT (DISPLAY): #[allow(unused)] { 1 + 1 ; }
PRINT-ATTR INPUT (DEBUG): TokenStream [
    Punct {
        ch: '#',
        spacing: Alone,
        span: $DIR/keep-expr-tokens.rs:20:5: 20:6 (#0),
    },
    Group {
        delimiter: Bracket,
        stream: TokenStream [
            Ident {
                ident: "allow",
                span: $DIR/keep-expr-tokens.rs:20:7: 20:12 (#0),
            },
            Group {
                delimiter: Parenthesis,
                stream: TokenStream [
                    Ident {
                        ident: "unused",
                        span: $DIR/keep-expr-tokens.rs:20:13: 20:19 (#0),
                    },
                ],
                span: $DIR/keep-expr-tokens.rs:20:12: 20:20 (#0),
            },
        ],
        span: $DIR/keep-expr-tokens.rs:20:6: 20:21 (#0),
    },
    Group {
        delimiter: Brace,
        stream: TokenStream [
            Literal {
                kind: Integer,
                symbol: "1",
                suffix: None,
                span: $DIR/keep-expr-tokens.rs:21:7: 21:8 (#0),
            },
            Punct {
                ch: '+',
                spacing: Alone,
                span: $DIR/keep-expr-tokens.rs:21:9: 21:10 (#0),
            },
            Literal {
                kind: Integer,
                symbol: "1",
                suffix: None,
                span: $DIR/keep-expr-tokens.rs:21:10: 21:11 (#0),
            },
            Punct {
                ch: ';',
                spacing: Alone,
                span: $DIR/keep-expr-tokens.rs:21:11: 21:12 (#0),
            },
        ],
        span: $DIR/keep-expr-tokens.rs:21:5: 21:14 (#0),
    },
]
