PRINT-BANG INPUT (DISPLAY): "hi" 1 + (25) + 1 (1 + 1)
PRINT-BANG INPUT (DEBUG): TokenStream [
    Literal {
        kind: Str,
        symbol: "hi",
        suffix: None,
        span: $DIR/nodelim-groups.rs:16:42: 16:46 (#4),
    },
    Group {
        delimiter: None,
        stream: TokenStream [
            Literal {
                kind: Integer,
                symbol: "1",
                suffix: None,
                span: $DIR/nodelim-groups.rs:20:16: 20:17 (#0),
            },
            Punct {
                ch: '+',
                spacing: Alone,
                span: $DIR/nodelim-groups.rs:20:18: 20:19 (#0),
            },
            Group {
                delimiter: Parenthesis,
                stream: TokenStream [
                    Literal {
                        kind: Integer,
                        symbol: "25",
                        suffix: None,
                        span: $DIR/nodelim-groups.rs:20:21: 20:23 (#0),
                    },
                ],
                span: $DIR/nodelim-groups.rs:20:20: 20:24 (#0),
            },
            Punct {
                ch: '+',
                spacing: Alone,
                span: $DIR/nodelim-groups.rs:20:25: 20:26 (#0),
            },
            Literal {
                kind: Integer,
                symbol: "1",
                suffix: None,
                span: $DIR/nodelim-groups.rs:20:27: 20:28 (#0),
            },
        ],
        span: $DIR/nodelim-groups.rs:16:47: 16:51 (#4),
    },
    Group {
        delimiter: Parenthesis,
        stream: TokenStream [
            Literal {
                kind: Integer,
                symbol: "1",
                suffix: None,
                span: $DIR/nodelim-groups.rs:16:53: 16:54 (#4),
            },
            Punct {
                ch: '+',
                spacing: Alone,
                span: $DIR/nodelim-groups.rs:16:55: 16:56 (#4),
            },
            Literal {
                kind: Integer,
                symbol: "1",
                suffix: None,
                span: $DIR/nodelim-groups.rs:16:57: 16:58 (#4),
            },
        ],
        span: $DIR/nodelim-groups.rs:16:52: 16:59 (#4),
    },
]
PRINT-BANG INPUT (DISPLAY): "hi" "hello".len() + "world".len() (1 + 1)
PRINT-BANG RE-COLLECTED (DISPLAY): "hi" "hello" . len() + "world" . len() (1 + 1)
PRINT-BANG INPUT (DEBUG): TokenStream [
    Literal {
        kind: Str,
        symbol: "hi",
        suffix: None,
        span: $DIR/nodelim-groups.rs:16:42: 16:46 (#9),
    },
    Group {
        delimiter: None,
        stream: TokenStream [
            Literal {
                kind: Str,
                symbol: "hello",
                suffix: None,
                span: $DIR/nodelim-groups.rs:16:47: 16:51 (#9),
            },
            Punct {
                ch: '.',
                spacing: Alone,
                span: $DIR/nodelim-groups.rs:16:47: 16:51 (#9),
            },
            Ident {
                ident: "len",
                span: $DIR/nodelim-groups.rs:16:47: 16:51 (#9),
            },
            Group {
                delimiter: Parenthesis,
                stream: TokenStream [],
                span: $DIR/nodelim-groups.rs:16:47: 16:51 (#9),
            },
            Punct {
                ch: '+',
                spacing: Alone,
                span: $DIR/nodelim-groups.rs:16:47: 16:51 (#9),
            },
            Literal {
                kind: Str,
                symbol: "world",
                suffix: None,
                span: $DIR/nodelim-groups.rs:16:47: 16:51 (#9),
            },
            Punct {
                ch: '.',
                spacing: Alone,
                span: $DIR/nodelim-groups.rs:16:47: 16:51 (#9),
            },
            Ident {
                ident: "len",
                span: $DIR/nodelim-groups.rs:16:47: 16:51 (#9),
            },
            Group {
                delimiter: Parenthesis,
                stream: TokenStream [],
                span: $DIR/nodelim-groups.rs:16:47: 16:51 (#9),
            },
        ],
        span: $DIR/nodelim-groups.rs:16:47: 16:51 (#9),
    },
    Group {
        delimiter: Parenthesis,
        stream: TokenStream [
            Literal {
                kind: Integer,
                symbol: "1",
                suffix: None,
                span: $DIR/nodelim-groups.rs:16:53: 16:54 (#9),
            },
            Punct {
                ch: '+',
                spacing: Alone,
                span: $DIR/nodelim-groups.rs:16:55: 16:56 (#9),
            },
            Literal {
                kind: Integer,
                symbol: "1",
                suffix: None,
                span: $DIR/nodelim-groups.rs:16:57: 16:58 (#9),
            },
        ],
        span: $DIR/nodelim-groups.rs:16:52: 16:59 (#9),
    },
]
